[INFO] Scanning for projects...
[INFO] 
[INFO] ------------------------< com.funmicode:Estate >------------------------
[INFO] Building Estate 1.0-SNAPSHOT
[INFO]   from pom.xml
[INFO] --------------------------------[ jar ]---------------------------------
[INFO] 
[INFO] --- resources:3.3.1:resources (default-resources) @ Estate ---
[INFO] Copying 2 resources from src\main\resources to target\classes
[INFO] Copying 0 resource from src\main\resources to target\classes
[INFO] 
[INFO] --- compiler:3.13.0:compile (default-compile) @ Estate ---
[INFO] Nothing to compile - all classes are up to date.
[INFO] 
[INFO] --- resources:3.3.1:testResources (default-testResources) @ Estate ---
[INFO] skip non existing resourceDirectory C:\Users\DELL\Desktop\Estate\src\test\resources
[INFO] 
[INFO] --- compiler:3.13.0:testCompile (default-testCompile) @ Estate ---
[INFO] Nothing to compile - all classes are up to date.
[INFO] 
[INFO] --- surefire:3.2.5:test (default-test) @ Estate ---
[INFO] Using auto detected provider org.apache.maven.surefire.junitplatform.JUnitPlatformProvider
[INFO] 
[INFO] -------------------------------------------------------
[INFO]  T E S T S
[INFO] -------------------------------------------------------
[INFO] Running com.funmicode.service.ResidentServiceImplTest
[INFO] Tests run: 3, Failures: 0, Errors: 0, Skipped: 0, Time elapsed: 6.616 s -- in com.funmicode.service.ResidentServiceImplTest
[INFO] Running com.funmicode.service.SecurityServiceImplTest
[INFO] Tests run: 3, Failures: 0, Errors: 0, Skipped: 0, Time elapsed: 0.231 s -- in com.funmicode.service.SecurityServiceImplTest
[INFO] Running com.funmicode.service.UserServiceImplTest
[ERROR] Tests run: 3, Failures: 0, Errors: 1, Skipped: 0, Time elapsed: 0.395 s <<< FAILURE! -- in com.funmicode.service.UserServiceImplTest
[ERROR] com.funmicode.service.UserServiceImplTest.testApproveResident_Success -- Time elapsed: 0.048 s <<< ERROR!
java.lang.RuntimeException: Only residents can be approved via this method
	at com.funmicode.service.UserServiceImpl.approveResident(UserServiceImpl.java:101)
	at com.funmicode.service.UserServiceImplTest.testApproveResident_Success(UserServiceImplTest.java:113)
	at java.base/java.lang.reflect.Method.invoke(Method.java:580)
	at java.base/java.util.ArrayList.forEach(ArrayList.java:1597)
	at java.base/java.util.ArrayList.forEach(ArrayList.java:1597)

[INFO] 
[INFO] Results:
[INFO] 
[ERROR] Errors: 
[ERROR]   UserServiceImplTest.testApproveResident_Success:113 ╗ Runtime Only residents can be approved via this method
[INFO] 
[ERROR] Tests run: 9, Failures: 0, Errors: 1, Skipped: 0
[INFO] 
[INFO] ------------------------------------------------------------------------
[INFO] BUILD FAILURE
[INFO] ------------------------------------------------------------------------
[INFO] Total time:  18.025 s
[INFO] Finished at: 2026-02-23T16:44:42+01:00
[INFO] ------------------------------------------------------------------------
[ERROR] Failed to execute goal org.apache.maven.plugins:maven-surefire-plugin:3.2.5:test (default-test) on project Estate: 
[ERROR] 
[ERROR] Please refer to C:\Users\DELL\Desktop\Estate\target\surefire-reports for the individual test results.
[ERROR] Please refer to dump files (if any exist) [date].dump, [date]-jvmRun[N].dump and [date].dumpstream.
[ERROR] -> [Help 1]
[ERROR] 
[ERROR] To see the full stack trace of the errors, re-run Maven with the -e switch.
[ERROR] Re-run Maven using the -X switch to enable full debug logging.
[ERROR] 
[ERROR] For more information about the errors and possible solutions, please read the following articles:
[ERROR] [Help 1] http://cwiki.apache.org/confluence/display/MAVEN/MojoFailureException
